// Jest Snapshot v1, https://goo.gl/fbAQLP

exports[`Swift Language makes enum 1`] = `
"enum CodingKeys: String, CodingKey {
    case name
    case fallbackContent = fallback_content
}"
`;

exports[`Swift Language makes enum case 1`] = `"case fallbackContent = fallback_content"`;

exports[`Swift Language makes file 1`] = `
"// Sample.swift

import Foundation
import UIKit

open class Room {

    class Person {

        func getName() {
            print("Hey!")
        }

    }

    enum RoomType {
        case big
        case small = sml
    }

    func openDoor() {
        print("Hey!")
    }

    public static func closeDoor() async throws -> Int {
        print("Hey!")
    }

}
"
`;

exports[`Swift Language makes file header 1`] = `"This is the header to a file"`;

exports[`Swift Language makes function 1`] = `
"fileprivate static func makePerson(name: String {

}, age: Int {

} =  FIX THIS) async {
    print("Hey!")
}"
`;

exports[`Swift Language makes import 1`] = `"import ExamplePackage"`;

exports[`Swift Language makes primatives 1`] = `" let count: Int"`;

exports[`Swift Language makes struct 1`] = `
"public struct TopGun: Movie {
     let description: String
}"
`;

exports[`Swift Language makes type 1`] = `
"open struct ExampleObject: Codable, NSObject {

    func fetchData() {
        print("Hey!")
    }

}"
`;
