// Jest Snapshot v1, https://goo.gl/fbAQLP

exports[`open api parser application-pdf-content-type parse open api 1`] = `
{
  "apiVersion": null,
  "basePath": null,
  "channel": [],
  "description": null,
  "endpoints": [
    {
      "audiences": [],
      "authed": false,
      "availability": null,
      "description": null,
      "errors": {},
      "examples": [],
      "generatedRequestName": "PdfGetRequest",
      "headers": [],
      "idempotent": null,
      "internal": null,
      "method": "GET",
      "operationId": "pdf_get",
      "pagination": null,
      "path": "/pdf",
      "pathParameters": [],
      "queryParameters": [],
      "request": null,
      "requestNameOverride": null,
      "response": {
        "description": "",
        "type": "file",
      },
      "sdkName": null,
      "server": [],
      "summary": null,
      "tags": [
        "pdf",
      ],
    },
  ],
  "globalHeaders": [],
  "groups": {},
  "hasEndpointsMarkedInternal": false,
  "idempotencyHeaders": [],
  "nonRequestReferencedSchemas": [],
  "schemas": {},
  "securitySchemes": {},
  "servers": [],
  "tags": {
    "orderedTagIds": null,
    "tagsById": {},
  },
  "title": "Test application/pdf response",
  "variables": {},
  "webhooks": [],
}
`;
