// Jest Snapshot v1, https://goo.gl/fbAQLP

exports[`open api parser defaults parse open api 1`] = `
{
  "apiVersion": null,
  "basePath": null,
  "channel": [],
  "description": null,
  "endpoints": [],
  "globalHeaders": [],
  "groups": {},
  "hasEndpointsMarkedInternal": false,
  "idempotencyHeaders": [],
  "nonRequestReferencedSchemas": [],
  "schemas": {
    "jointOwnerInvitationFields": {
      "additionalProperties": false,
      "allOf": [],
      "allOfPropertyConflicts": [],
      "availability": null,
      "description": "Fields used to compose other joint owner invitation schemas.",
      "generatedName": "JointOwnerInvitationFields",
      "groupName": null,
      "nameOverride": null,
      "properties": [
        {
          "audiences": [],
          "availability": null,
          "conflict": {},
          "generatedName": "jointOwnerInvitationFieldsFirstName",
          "key": "firstName",
          "nameOverride": null,
          "schema": {
            "availability": null,
            "description": "The invitee's first name.",
            "generatedName": "JointOwnerInvitationFieldsFirstName",
            "groupName": null,
            "nameOverride": null,
            "schema": {
              "default": "Jane",
              "format": null,
              "maxLength": null,
              "minLength": null,
              "pattern": null,
              "type": "string",
            },
            "type": "primitive",
          },
        },
        {
          "audiences": [],
          "availability": null,
          "conflict": {},
          "generatedName": "jointOwnerInvitationFieldsLastName",
          "key": "lastName",
          "nameOverride": null,
          "schema": {
            "availability": null,
            "description": "The invitee's last name.",
            "generatedName": "JointOwnerInvitationFieldsLastName",
            "groupName": null,
            "nameOverride": null,
            "schema": {
              "default": "Doe",
              "format": null,
              "maxLength": null,
              "minLength": null,
              "pattern": null,
              "type": "string",
            },
            "type": "primitive",
          },
        },
        {
          "audiences": [],
          "availability": null,
          "conflict": {},
          "generatedName": "jointOwnerInvitationFieldsAge",
          "key": "age",
          "nameOverride": null,
          "schema": {
            "availability": null,
            "description": "The invitee's age.",
            "generatedName": "JointOwnerInvitationFieldsAge",
            "groupName": null,
            "nameOverride": null,
            "schema": {
              "default": 1000000,
              "type": "int64",
            },
            "type": "primitive",
          },
        },
        {
          "audiences": [],
          "availability": null,
          "conflict": {},
          "generatedName": "jointOwnerInvitationFieldsDisallowDebitCardAccess",
          "key": "disallowDebitCardAccess",
          "nameOverride": null,
          "schema": {
            "availability": null,
            "description": "If \`true\`, the invitee is not allowed to order or manage debit cards for the account.",
            "generatedName": "JointOwnerInvitationFieldsDisallowDebitCardAccess",
            "groupName": null,
            "nameOverride": null,
            "schema": {
              "default": false,
              "type": "boolean",
            },
            "type": "primitive",
          },
        },
      ],
      "type": "object",
    },
  },
  "securitySchemes": {},
  "servers": [
    {
      "description": null,
      "name": null,
      "url": "https://api.apiture.com/banking",
    },
  ],
  "tags": {
    "orderedTagIds": null,
    "tagsById": {},
  },
  "title": "Copied mostly from Apiture",
  "variables": {},
  "webhooks": [],
}
`;
