// Jest Snapshot v1, https://goo.gl/fbAQLP

exports[`examples enum-casing parse open api 1`] = `
{
  "apiVersion": null,
  "basePath": null,
  "channel": [],
  "description": null,
  "endpoints": [
    {
      "audiences": [],
      "authed": false,
      "availability": null,
      "description": null,
      "errors": {},
      "examples": [
        {
          "codeSamples": [],
          "description": null,
          "headers": [],
          "name": null,
          "pathParameters": [],
          "queryParameters": [],
          "request": null,
          "response": {
            "properties": {
              "custom_fields": {
                "type": "map",
                "value": [
                  {
                    "key": {
                      "type": "string",
                      "value": "key",
                    },
                    "value": {
                      "type": "primitive",
                      "value": {
                        "type": "string",
                        "value": "value",
                      },
                    },
                  },
                ],
              },
              "message": {
                "type": "primitive",
                "value": {
                  "type": "string",
                  "value": "message",
                },
              },
              "status": {
                "type": "enum",
                "value": "success",
              },
            },
            "type": "object",
          },
          "type": "full",
        },
      ],
      "generatedRequestName": "GetExampleRequest",
      "headers": [],
      "idempotent": null,
      "internal": null,
      "method": "GET",
      "operationId": null,
      "pagination": null,
      "path": "/example",
      "pathParameters": [],
      "queryParameters": [],
      "request": null,
      "requestNameOverride": null,
      "response": {
        "description": "Successful response",
        "responseProperty": null,
        "schema": {
          "availability": null,
          "description": null,
          "generatedName": "GetExampleResponse",
          "groupName": null,
          "nameOverride": null,
          "schema": "ExampleResponse",
          "type": "reference",
        },
        "type": "json",
      },
      "sdkName": null,
      "server": [],
      "summary": "Get Example",
      "tags": [],
    },
  ],
  "globalHeaders": [],
  "groups": {},
  "hasEndpointsMarkedInternal": false,
  "idempotencyHeaders": [],
  "nonRequestReferencedSchemas": [
    "ExampleResponse",
  ],
  "schemas": {
    "ExampleResponse": {
      "additionalProperties": false,
      "allOf": [],
      "allOfPropertyConflicts": [],
      "availability": null,
      "description": null,
      "generatedName": "ExampleResponse",
      "groupName": null,
      "nameOverride": null,
      "properties": [
        {
          "audiences": [],
          "availability": null,
          "conflict": {},
          "generatedName": "exampleResponseStatus",
          "key": "status",
          "nameOverride": null,
          "schema": {
            "availability": null,
            "description": null,
            "generatedName": "exampleResponseStatus",
            "groupName": null,
            "nameOverride": null,
            "type": "optional",
            "value": {
              "availability": null,
              "default": null,
              "description": null,
              "generatedName": "ExampleResponseStatus",
              "groupName": null,
              "nameOverride": null,
              "type": "enum",
              "values": [
                {
                  "availability": null,
                  "casing": {
                    "camel": null,
                    "pascal": null,
                    "screamingSnake": null,
                    "snake": null,
                  },
                  "description": null,
                  "generatedName": "success",
                  "nameOverride": null,
                  "value": "success",
                },
                {
                  "availability": null,
                  "casing": {
                    "camel": null,
                    "pascal": null,
                    "screamingSnake": null,
                    "snake": null,
                  },
                  "description": null,
                  "generatedName": "failure",
                  "nameOverride": null,
                  "value": "failure",
                },
              ],
            },
          },
        },
        {
          "audiences": [],
          "availability": null,
          "conflict": {},
          "generatedName": "exampleResponseMessage",
          "key": "message",
          "nameOverride": null,
          "schema": {
            "availability": null,
            "description": null,
            "generatedName": "exampleResponseMessage",
            "groupName": null,
            "nameOverride": null,
            "type": "optional",
            "value": {
              "availability": null,
              "description": null,
              "generatedName": "ExampleResponseMessage",
              "groupName": null,
              "nameOverride": null,
              "schema": {
                "default": null,
                "format": null,
                "maxLength": null,
                "minLength": null,
                "pattern": null,
                "type": "string",
              },
              "type": "primitive",
            },
          },
        },
        {
          "audiences": [],
          "availability": null,
          "conflict": {},
          "generatedName": "exampleResponseCustomFields",
          "key": "custom_fields",
          "nameOverride": null,
          "schema": {
            "availability": null,
            "description": null,
            "generatedName": "exampleResponseCustomFields",
            "groupName": null,
            "nameOverride": null,
            "type": "optional",
            "value": {
              "availability": null,
              "description": null,
              "generatedName": "ExampleResponseCustomFields",
              "groupName": null,
              "key": {
                "availability": null,
                "description": null,
                "generatedName": "ExampleResponseCustomFieldsKey",
                "groupName": null,
                "nameOverride": null,
                "schema": {
                  "default": null,
                  "format": null,
                  "maxLength": null,
                  "minLength": null,
                  "pattern": null,
                  "type": "string",
                },
              },
              "nameOverride": null,
              "type": "map",
              "value": {
                "availability": null,
                "description": null,
                "generatedName": "ExampleResponseCustomFieldsValue",
                "groupName": null,
                "nameOverride": null,
                "schema": {
                  "default": null,
                  "format": null,
                  "maxLength": null,
                  "minLength": null,
                  "pattern": null,
                  "type": "string",
                },
                "type": "primitive",
              },
            },
          },
        },
      ],
      "type": "object",
    },
    "GrantTypeEnum": {
      "availability": null,
      "default": null,
      "description": null,
      "generatedName": "GrantTypeEnum",
      "groupName": null,
      "nameOverride": null,
      "type": "enum",
      "values": [
        {
          "availability": null,
          "casing": {
            "camel": null,
            "pascal": null,
            "screamingSnake": null,
            "snake": null,
          },
          "description": null,
          "generatedName": "UrnDevrevParamsOauthGrantTypeTokenIssue",
          "nameOverride": null,
          "value": "urn:devrev:params:oauth:grant-type:token-issue",
        },
        {
          "availability": null,
          "casing": {
            "camel": null,
            "pascal": null,
            "screamingSnake": null,
            "snake": null,
          },
          "description": null,
          "generatedName": "UrnIetfParamsOauthGrantTypeTokenExchange",
          "nameOverride": null,
          "value": "urn:ietf:params:oauth:grant-type:token-exchange",
        },
      ],
    },
  },
  "securitySchemes": {},
  "servers": [],
  "tags": {
    "orderedTagIds": null,
    "tagsById": {},
  },
  "title": "Example API",
  "variables": {},
  "webhooks": [],
}
`;
