// Jest Snapshot v1, https://goo.gl/fbAQLP

exports[`examples examples parse open api 1`] = `
{
  "apiVersion": null,
  "basePath": null,
  "channel": [],
  "description": null,
  "endpoints": [
    {
      "audiences": [],
      "authed": false,
      "availability": null,
      "description": null,
      "errors": {},
      "examples": [
        {
          "codeSamples": [],
          "description": null,
          "headers": [],
          "name": "Example 1",
          "pathParameters": [],
          "queryParameters": [],
          "request": null,
          "response": {
            "type": "array",
            "value": [
              {
                "properties": {
                  "building_name": {
                    "type": "primitive",
                    "value": {
                      "type": "string",
                      "value": "The Main Building",
                    },
                  },
                  "building_name_alias": {
                    "type": "array",
                    "value": [
                      {
                        "type": "primitive",
                        "value": {
                          "type": "string",
                          "value": "Main Building",
                        },
                      },
                    ],
                  },
                  "city": {
                    "type": "primitive",
                    "value": {
                      "type": "string",
                      "value": "San Francisco",
                    },
                  },
                  "id": {
                    "type": "primitive",
                    "value": {
                      "type": "string",
                      "value": "123",
                    },
                  },
                  "lat": {
                    "type": "primitive",
                    "value": {
                      "type": "double",
                      "value": 37.789,
                    },
                  },
                  "lon": {
                    "type": "primitive",
                    "value": {
                      "type": "double",
                      "value": -122.395,
                    },
                  },
                  "number_units": {
                    "type": "primitive",
                    "value": {
                      "type": "double",
                      "value": 100,
                    },
                  },
                  "score": {
                    "type": "primitive",
                    "value": {
                      "type": "double",
                      "value": 1.1,
                    },
                  },
                  "state": {
                    "type": "primitive",
                    "value": {
                      "type": "string",
                      "value": "CA",
                    },
                  },
                  "street_address": {
                    "type": "primitive",
                    "value": {
                      "type": "string",
                      "value": "123 Main St",
                    },
                  },
                  "street_address_alias": {
                    "type": "array",
                    "value": [
                      {
                        "type": "primitive",
                        "value": {
                          "type": "string",
                          "value": "123 Main Street",
                        },
                      },
                    ],
                  },
                  "year_built": {
                    "type": "primitive",
                    "value": {
                      "type": "double",
                      "value": 2010,
                    },
                  },
                  "zip_code": {
                    "type": "primitive",
                    "value": {
                      "type": "string",
                      "value": "94105",
                    },
                  },
                },
                "type": "object",
              },
            ],
          },
          "type": "full",
        },
      ],
      "generatedRequestName": "SearchRequest",
      "headers": [],
      "idempotent": null,
      "internal": null,
      "method": "GET",
      "operationId": "Search",
      "pagination": null,
      "path": "/property/search",
      "pathParameters": [],
      "queryParameters": [],
      "request": null,
      "requestNameOverride": null,
      "response": {
        "description": "A simplified list of properties.",
        "responseProperty": null,
        "schema": {
          "availability": null,
          "description": null,
          "generatedName": "SearchResponse",
          "groupName": null,
          "nameOverride": null,
          "type": "array",
          "value": {
            "availability": null,
            "description": null,
            "generatedName": "SearchResponseItem",
            "groupName": null,
            "nameOverride": null,
            "schema": "PropertySearchResponse",
            "type": "reference",
          },
        },
        "type": "json",
      },
      "sdkName": null,
      "server": [],
      "summary": null,
      "tags": [],
    },
  ],
  "globalHeaders": [],
  "groups": {},
  "hasEndpointsMarkedInternal": false,
  "idempotencyHeaders": [],
  "nonRequestReferencedSchemas": [
    "PropertySearchResponse",
  ],
  "schemas": {
    "PropertySearchResponse": {
      "additionalProperties": false,
      "allOf": [],
      "allOfPropertyConflicts": [],
      "availability": null,
      "description": "The PropertySearchResponse object is returned by the /properties/search endpoint.
It is a very simple property object that can then be used to query the /properties/:id endpoint",
      "generatedName": "PropertySearchResponse",
      "groupName": null,
      "nameOverride": null,
      "properties": [
        {
          "audiences": [],
          "availability": null,
          "conflict": {},
          "generatedName": "propertySearchResponseId",
          "key": "id",
          "nameOverride": null,
          "schema": {
            "availability": null,
            "description": null,
            "generatedName": "PropertySearchResponseId",
            "groupName": null,
            "nameOverride": null,
            "schema": {
              "default": null,
              "format": null,
              "maxLength": null,
              "minLength": null,
              "pattern": null,
              "type": "string",
            },
            "type": "primitive",
          },
        },
        {
          "audiences": [],
          "availability": null,
          "conflict": {},
          "generatedName": "propertySearchResponseLat",
          "key": "lat",
          "nameOverride": null,
          "schema": {
            "availability": null,
            "description": null,
            "generatedName": "propertySearchResponseLat",
            "groupName": null,
            "nameOverride": null,
            "type": "optional",
            "value": {
              "availability": null,
              "description": null,
              "generatedName": "PropertySearchResponseLat",
              "groupName": null,
              "nameOverride": null,
              "schema": {
                "default": null,
                "exclusiveMaximum": null,
                "exclusiveMinimum": null,
                "maximum": null,
                "minimum": null,
                "multipleOf": null,
                "type": "double",
              },
              "type": "primitive",
            },
          },
        },
        {
          "audiences": [],
          "availability": null,
          "conflict": {},
          "generatedName": "propertySearchResponseLon",
          "key": "lon",
          "nameOverride": null,
          "schema": {
            "availability": null,
            "description": null,
            "generatedName": "propertySearchResponseLon",
            "groupName": null,
            "nameOverride": null,
            "type": "optional",
            "value": {
              "availability": null,
              "description": null,
              "generatedName": "PropertySearchResponseLon",
              "groupName": null,
              "nameOverride": null,
              "schema": {
                "default": null,
                "exclusiveMaximum": null,
                "exclusiveMinimum": null,
                "maximum": null,
                "minimum": null,
                "multipleOf": null,
                "type": "double",
              },
              "type": "primitive",
            },
          },
        },
        {
          "audiences": [],
          "availability": null,
          "conflict": {},
          "generatedName": "propertySearchResponseBuildingName",
          "key": "building_name",
          "nameOverride": null,
          "schema": {
            "availability": null,
            "description": null,
            "generatedName": "PropertySearchResponseBuildingName",
            "groupName": null,
            "nameOverride": null,
            "type": "nullable",
            "value": {
              "availability": null,
              "description": null,
              "generatedName": "PropertySearchResponseBuildingName",
              "groupName": null,
              "nameOverride": null,
              "schema": {
                "default": null,
                "format": null,
                "maxLength": null,
                "minLength": null,
                "pattern": null,
                "type": "string",
              },
              "type": "primitive",
            },
          },
        },
        {
          "audiences": [],
          "availability": null,
          "conflict": {},
          "generatedName": "propertySearchResponseBuildingNameAlias",
          "key": "building_name_alias",
          "nameOverride": null,
          "schema": {
            "availability": null,
            "description": null,
            "generatedName": "PropertySearchResponseBuildingNameAlias",
            "groupName": null,
            "nameOverride": null,
            "type": "array",
            "value": {
              "availability": null,
              "description": null,
              "generatedName": "PropertySearchResponseBuildingNameAliasItem",
              "groupName": null,
              "nameOverride": null,
              "schema": {
                "default": null,
                "format": null,
                "maxLength": null,
                "minLength": null,
                "pattern": null,
                "type": "string",
              },
              "type": "primitive",
            },
          },
        },
        {
          "audiences": [],
          "availability": null,
          "conflict": {},
          "generatedName": "propertySearchResponseStreetAddress",
          "key": "street_address",
          "nameOverride": null,
          "schema": {
            "availability": null,
            "description": null,
            "generatedName": "PropertySearchResponseStreetAddress",
            "groupName": null,
            "nameOverride": null,
            "schema": {
              "default": null,
              "format": null,
              "maxLength": null,
              "minLength": null,
              "pattern": null,
              "type": "string",
            },
            "type": "primitive",
          },
        },
        {
          "audiences": [],
          "availability": null,
          "conflict": {},
          "generatedName": "propertySearchResponseStreetAddressAlias",
          "key": "street_address_alias",
          "nameOverride": null,
          "schema": {
            "availability": null,
            "description": null,
            "generatedName": "PropertySearchResponseStreetAddressAlias",
            "groupName": null,
            "nameOverride": null,
            "type": "array",
            "value": {
              "availability": null,
              "description": null,
              "generatedName": "PropertySearchResponseStreetAddressAliasItem",
              "groupName": null,
              "nameOverride": null,
              "schema": {
                "default": null,
                "format": null,
                "maxLength": null,
                "minLength": null,
                "pattern": null,
                "type": "string",
              },
              "type": "primitive",
            },
          },
        },
        {
          "audiences": [],
          "availability": null,
          "conflict": {},
          "generatedName": "propertySearchResponseCity",
          "key": "city",
          "nameOverride": null,
          "schema": {
            "availability": null,
            "description": null,
            "generatedName": "PropertySearchResponseCity",
            "groupName": null,
            "nameOverride": null,
            "schema": {
              "default": null,
              "format": null,
              "maxLength": null,
              "minLength": null,
              "pattern": null,
              "type": "string",
            },
            "type": "primitive",
          },
        },
        {
          "audiences": [],
          "availability": null,
          "conflict": {},
          "generatedName": "propertySearchResponseState",
          "key": "state",
          "nameOverride": null,
          "schema": {
            "availability": null,
            "description": null,
            "generatedName": "PropertySearchResponseState",
            "groupName": null,
            "nameOverride": null,
            "schema": {
              "default": null,
              "format": null,
              "maxLength": null,
              "minLength": null,
              "pattern": null,
              "type": "string",
            },
            "type": "primitive",
          },
        },
        {
          "audiences": [],
          "availability": null,
          "conflict": {},
          "generatedName": "propertySearchResponseZipCode",
          "key": "zip_code",
          "nameOverride": null,
          "schema": {
            "availability": null,
            "description": null,
            "generatedName": "PropertySearchResponseZipCode",
            "groupName": null,
            "nameOverride": null,
            "schema": {
              "default": null,
              "format": null,
              "maxLength": null,
              "minLength": null,
              "pattern": null,
              "type": "string",
            },
            "type": "primitive",
          },
        },
        {
          "audiences": [],
          "availability": null,
          "conflict": {},
          "generatedName": "propertySearchResponseNumberUnits",
          "key": "number_units",
          "nameOverride": null,
          "schema": {
            "availability": null,
            "description": null,
            "generatedName": "propertySearchResponseNumberUnits",
            "groupName": null,
            "nameOverride": null,
            "type": "optional",
            "value": {
              "availability": null,
              "description": null,
              "generatedName": "PropertySearchResponseNumberUnits",
              "groupName": null,
              "nameOverride": null,
              "type": "nullable",
              "value": {
                "availability": null,
                "description": null,
                "generatedName": "PropertySearchResponseNumberUnits",
                "groupName": null,
                "nameOverride": null,
                "schema": {
                  "default": null,
                  "exclusiveMaximum": null,
                  "exclusiveMinimum": null,
                  "maximum": null,
                  "minimum": null,
                  "multipleOf": null,
                  "type": "double",
                },
                "type": "primitive",
              },
            },
          },
        },
        {
          "audiences": [],
          "availability": null,
          "conflict": {},
          "generatedName": "propertySearchResponseYearBuilt",
          "key": "year_built",
          "nameOverride": null,
          "schema": {
            "availability": null,
            "description": null,
            "generatedName": "propertySearchResponseYearBuilt",
            "groupName": null,
            "nameOverride": null,
            "type": "optional",
            "value": {
              "availability": null,
              "description": null,
              "generatedName": "PropertySearchResponseYearBuilt",
              "groupName": null,
              "nameOverride": null,
              "type": "nullable",
              "value": {
                "availability": null,
                "description": null,
                "generatedName": "PropertySearchResponseYearBuilt",
                "groupName": null,
                "nameOverride": null,
                "schema": {
                  "default": null,
                  "exclusiveMaximum": null,
                  "exclusiveMinimum": null,
                  "maximum": null,
                  "minimum": null,
                  "multipleOf": null,
                  "type": "double",
                },
                "type": "primitive",
              },
            },
          },
        },
        {
          "audiences": [],
          "availability": null,
          "conflict": {},
          "generatedName": "propertySearchResponseScore",
          "key": "score",
          "nameOverride": null,
          "schema": {
            "availability": null,
            "description": null,
            "generatedName": "propertySearchResponseScore",
            "groupName": null,
            "nameOverride": null,
            "type": "optional",
            "value": {
              "availability": null,
              "description": null,
              "generatedName": "PropertySearchResponseScore",
              "groupName": null,
              "nameOverride": null,
              "schema": {
                "default": null,
                "exclusiveMaximum": null,
                "exclusiveMinimum": null,
                "maximum": null,
                "minimum": null,
                "multipleOf": null,
                "type": "double",
              },
              "type": "primitive",
            },
          },
        },
      ],
      "type": "object",
    },
  },
  "securitySchemes": {},
  "servers": [],
  "tags": {
    "orderedTagIds": null,
    "tagsById": {},
  },
  "title": "Test spec for \`examples\` keys",
  "variables": {},
  "webhooks": [],
}
`;
