// Jest Snapshot v1, https://goo.gl/fbAQLP

exports[`path parsing path parse open api 1`] = `
{
  "apiVersion": null,
  "basePath": null,
  "channel": [],
  "description": null,
  "endpoints": [
    {
      "audiences": [],
      "authed": false,
      "availability": null,
      "description": null,
      "errors": {},
      "examples": [
        {
          "codeSamples": [],
          "description": null,
          "headers": [],
          "name": null,
          "pathParameters": [],
          "queryParameters": [],
          "request": null,
          "response": null,
          "type": "full",
        },
      ],
      "generatedRequestName": "GetExampleWithoutTrailingSlashRequest",
      "headers": [],
      "idempotent": null,
      "internal": null,
      "method": "GET",
      "operationId": null,
      "pagination": null,
      "path": "/example-without-trailing-slash",
      "pathParameters": [],
      "queryParameters": [],
      "request": null,
      "requestNameOverride": null,
      "response": null,
      "sdkName": null,
      "server": [],
      "summary": "Get Example",
      "tags": [],
    },
    {
      "audiences": [],
      "authed": false,
      "availability": null,
      "description": null,
      "errors": {},
      "examples": [
        {
          "codeSamples": [],
          "description": null,
          "headers": [],
          "name": null,
          "pathParameters": [],
          "queryParameters": [],
          "request": null,
          "response": null,
          "type": "full",
        },
      ],
      "generatedRequestName": "GetExampleWithTrailingSlashRequest",
      "headers": [],
      "idempotent": null,
      "internal": null,
      "method": "GET",
      "operationId": null,
      "pagination": null,
      "path": "/example-with-trailing-slash/",
      "pathParameters": [],
      "queryParameters": [],
      "request": null,
      "requestNameOverride": null,
      "response": null,
      "sdkName": null,
      "server": [],
      "summary": "Get Example with trailing",
      "tags": [],
    },
  ],
  "globalHeaders": [],
  "groups": {},
  "hasEndpointsMarkedInternal": false,
  "idempotencyHeaders": [],
  "nonRequestReferencedSchemas": [],
  "schemas": {},
  "securitySchemes": {},
  "servers": [],
  "tags": {
    "orderedTagIds": null,
    "tagsById": {},
  },
  "title": "Sample Path Parsing API",
  "variables": {},
  "webhooks": [],
}
`;
