// Jest Snapshot v1, https://goo.gl/fbAQLP

exports[`rules rules parse open api 1`] = `
{
  "apiVersion": null,
  "basePath": null,
  "channel": [],
  "description": null,
  "endpoints": [
    {
      "audiences": [],
      "authed": false,
      "availability": null,
      "description": null,
      "errors": {},
      "examples": [
        {
          "codeSamples": [],
          "description": null,
          "headers": [],
          "name": null,
          "pathParameters": [],
          "queryParameters": [],
          "request": null,
          "response": {
            "properties": {
              "id": {
                "type": "primitive",
                "value": {
                  "type": "int",
                  "value": 1,
                },
              },
              "name": {
                "type": "primitive",
                "value": {
                  "type": "string",
                  "value": "name",
                },
              },
              "value": {
                "type": "primitive",
                "value": {
                  "type": "double",
                  "value": 1.1,
                },
              },
            },
            "type": "object",
          },
          "type": "full",
        },
      ],
      "generatedRequestName": "GetExampleRequest",
      "headers": [],
      "idempotent": null,
      "internal": null,
      "method": "GET",
      "operationId": null,
      "pagination": null,
      "path": "/example",
      "pathParameters": [],
      "queryParameters": [],
      "request": null,
      "requestNameOverride": null,
      "response": {
        "description": "Successful response",
        "responseProperty": null,
        "schema": {
          "type": "oneOf",
          "value": {
            "availability": null,
            "description": null,
            "generatedName": "GetExampleResponse",
            "groupName": null,
            "nameOverride": null,
            "schemas": [
              {
                "availability": null,
                "description": null,
                "generatedName": "GetExampleResponseZero",
                "groupName": null,
                "nameOverride": null,
                "schema": "Schema",
                "type": "reference",
              },
              {
                "additionalProperties": false,
                "allOf": [],
                "allOfPropertyConflicts": [],
                "availability": null,
                "description": null,
                "generatedName": "GetExampleResponseMessage",
                "groupName": null,
                "nameOverride": null,
                "properties": [
                  {
                    "audiences": [],
                    "availability": null,
                    "conflict": {},
                    "generatedName": "getExampleResponseMessageMessage",
                    "key": "message",
                    "nameOverride": null,
                    "schema": {
                      "availability": null,
                      "description": null,
                      "generatedName": "getExampleResponseMessageMessage",
                      "groupName": null,
                      "nameOverride": null,
                      "type": "optional",
                      "value": {
                        "availability": null,
                        "description": null,
                        "generatedName": "GetExampleResponseMessageMessage",
                        "groupName": null,
                        "nameOverride": null,
                        "schema": {
                          "default": null,
                          "format": null,
                          "maxLength": null,
                          "minLength": null,
                          "pattern": null,
                          "type": "string",
                        },
                        "type": "primitive",
                      },
                    },
                  },
                ],
                "type": "object",
              },
            ],
            "type": "undisciminated",
          },
        },
        "type": "json",
      },
      "sdkName": null,
      "server": [],
      "summary": "Default and validation rules",
      "tags": [],
    },
  ],
  "globalHeaders": [],
  "groups": {},
  "hasEndpointsMarkedInternal": false,
  "idempotencyHeaders": [],
  "nonRequestReferencedSchemas": [
    "Schema",
  ],
  "schemas": {
    "Schema": {
      "additionalProperties": false,
      "allOf": [],
      "allOfPropertyConflicts": [],
      "availability": null,
      "description": null,
      "generatedName": "Schema",
      "groupName": null,
      "nameOverride": null,
      "properties": [
        {
          "audiences": [],
          "availability": null,
          "conflict": {},
          "generatedName": "schemaId",
          "key": "id",
          "nameOverride": null,
          "schema": {
            "availability": null,
            "description": null,
            "generatedName": "schemaId",
            "groupName": null,
            "nameOverride": null,
            "type": "optional",
            "value": {
              "availability": null,
              "description": null,
              "generatedName": "SchemaId",
              "groupName": null,
              "nameOverride": null,
              "schema": {
                "default": 50,
                "exclusiveMaximum": false,
                "exclusiveMinimum": true,
                "maximum": 100,
                "minimum": 10,
                "multipleOf": 10,
                "type": "int",
              },
              "type": "primitive",
            },
          },
        },
        {
          "audiences": [],
          "availability": null,
          "conflict": {},
          "generatedName": "schemaName",
          "key": "name",
          "nameOverride": null,
          "schema": {
            "availability": null,
            "description": null,
            "generatedName": "schemaName",
            "groupName": null,
            "nameOverride": null,
            "type": "optional",
            "value": {
              "availability": null,
              "description": null,
              "generatedName": "SchemaName",
              "groupName": null,
              "nameOverride": null,
              "schema": {
                "default": "type",
                "format": "custom",
                "maxLength": 10,
                "minLength": 3,
                "pattern": "^[a-zA-Z0-9]*$",
                "type": "string",
              },
              "type": "primitive",
            },
          },
        },
        {
          "audiences": [],
          "availability": null,
          "conflict": {},
          "generatedName": "schemaValue",
          "key": "value",
          "nameOverride": null,
          "schema": {
            "availability": null,
            "description": null,
            "generatedName": "schemaValue",
            "groupName": null,
            "nameOverride": null,
            "type": "optional",
            "value": {
              "availability": null,
              "description": null,
              "generatedName": "SchemaValue",
              "groupName": null,
              "nameOverride": null,
              "schema": {
                "default": 1.1,
                "exclusiveMaximum": null,
                "exclusiveMinimum": null,
                "maximum": 2.2,
                "minimum": 1.1,
                "multipleOf": 1.1,
                "type": "double",
              },
              "type": "primitive",
            },
          },
        },
      ],
      "type": "object",
    },
  },
  "securitySchemes": {},
  "servers": [],
  "tags": {
    "orderedTagIds": null,
    "tagsById": {},
  },
  "title": "Sample API",
  "variables": {},
  "webhooks": [],
}
`;
