// Jest Snapshot v1, https://goo.gl/fbAQLP

exports[`open api parser streaming parse open api 1`] = `
{
  "apiVersion": null,
  "basePath": null,
  "channel": [],
  "description": null,
  "endpoints": [
    {
      "audiences": [],
      "authed": false,
      "availability": null,
      "description": null,
      "errors": {},
      "examples": [],
      "generatedRequestName": "UserStreamRequest",
      "headers": [],
      "idempotent": null,
      "internal": null,
      "method": "POST",
      "operationId": "user_stream",
      "pagination": null,
      "path": "/v1/users",
      "pathParameters": [],
      "queryParameters": [],
      "request": {
        "additionalProperties": false,
        "contentType": null,
        "description": null,
        "schema": {
          "additionalProperties": false,
          "allOf": [],
          "allOfPropertyConflicts": [],
          "availability": null,
          "description": null,
          "generatedName": "UserStreamRequest",
          "groupName": null,
          "nameOverride": null,
          "properties": [
            {
              "audiences": [],
              "availability": null,
              "conflict": {},
              "generatedName": "userStreamRequestId",
              "key": "id",
              "nameOverride": null,
              "schema": {
                "availability": null,
                "description": null,
                "generatedName": "userStreamRequestId",
                "groupName": null,
                "nameOverride": null,
                "type": "optional",
                "value": {
                  "availability": null,
                  "description": "",
                  "generatedName": "UserStreamRequestId",
                  "groupName": null,
                  "nameOverride": null,
                  "schema": {
                    "default": null,
                    "format": null,
                    "maxLength": null,
                    "minLength": null,
                    "pattern": null,
                    "type": "string",
                  },
                  "type": "primitive",
                },
              },
            },
            {
              "audiences": [],
              "availability": null,
              "conflict": {},
              "generatedName": "userStreamRequestStream",
              "key": "stream",
              "nameOverride": null,
              "schema": {
                "availability": null,
                "description": null,
                "generatedName": "UserStreamRequestStream",
                "groupName": null,
                "nameOverride": null,
                "type": "literal",
                "value": {
                  "type": "boolean",
                  "value": true,
                },
              },
            },
          ],
          "type": "object",
        },
        "type": "json",
      },
      "requestNameOverride": null,
      "response": {
        "description": "",
        "responseProperty": null,
        "schema": {
          "availability": null,
          "description": null,
          "generatedName": "UserStreamResponse",
          "groupName": null,
          "nameOverride": null,
          "schema": "BaseStreamUser",
          "type": "reference",
        },
        "type": "streamingJson",
      },
      "sdkName": null,
      "server": [],
      "summary": null,
      "tags": [],
    },
    {
      "audiences": [],
      "authed": false,
      "availability": null,
      "description": null,
      "errors": {},
      "examples": [
        {
          "codeSamples": [],
          "description": null,
          "headers": [],
          "name": null,
          "pathParameters": [],
          "queryParameters": [],
          "request": {
            "properties": {
              "stream": {
                "type": "literal",
                "value": {
                  "type": "boolean",
                  "value": false,
                },
              },
            },
            "type": "object",
          },
          "response": {
            "properties": {
              "id": {
                "type": "primitive",
                "value": {
                  "type": "string",
                  "value": "id",
                },
              },
            },
            "type": "object",
          },
          "type": "full",
        },
      ],
      "generatedRequestName": "UserRequest",
      "headers": [],
      "idempotent": null,
      "internal": null,
      "method": "POST",
      "operationId": "user",
      "pagination": null,
      "path": "/v1/users",
      "pathParameters": [],
      "queryParameters": [],
      "request": {
        "additionalProperties": false,
        "contentType": null,
        "description": null,
        "schema": {
          "additionalProperties": false,
          "allOf": [],
          "allOfPropertyConflicts": [],
          "availability": null,
          "description": null,
          "generatedName": "UserRequest",
          "groupName": null,
          "nameOverride": null,
          "properties": [
            {
              "audiences": [],
              "availability": null,
              "conflict": {},
              "generatedName": "userRequestId",
              "key": "id",
              "nameOverride": null,
              "schema": {
                "availability": null,
                "description": null,
                "generatedName": "userRequestId",
                "groupName": null,
                "nameOverride": null,
                "type": "optional",
                "value": {
                  "availability": null,
                  "description": "",
                  "generatedName": "UserRequestId",
                  "groupName": null,
                  "nameOverride": null,
                  "schema": {
                    "default": null,
                    "format": null,
                    "maxLength": null,
                    "minLength": null,
                    "pattern": null,
                    "type": "string",
                  },
                  "type": "primitive",
                },
              },
            },
            {
              "audiences": [],
              "availability": null,
              "conflict": {},
              "generatedName": "userRequestStream",
              "key": "stream",
              "nameOverride": null,
              "schema": {
                "availability": null,
                "description": null,
                "generatedName": "UserRequestStream",
                "groupName": null,
                "nameOverride": null,
                "type": "literal",
                "value": {
                  "type": "boolean",
                  "value": false,
                },
              },
            },
          ],
          "type": "object",
        },
        "type": "json",
      },
      "requestNameOverride": null,
      "response": {
        "description": "",
        "responseProperty": null,
        "schema": {
          "availability": null,
          "description": null,
          "generatedName": "UserResponse",
          "groupName": null,
          "nameOverride": null,
          "schema": "BaseUser",
          "type": "reference",
        },
        "type": "json",
      },
      "sdkName": null,
      "server": [],
      "summary": null,
      "tags": [],
    },
    {
      "audiences": [],
      "authed": false,
      "availability": null,
      "description": null,
      "errors": {},
      "examples": [],
      "generatedRequestName": "UserV2StreamRequest",
      "headers": [],
      "idempotent": null,
      "internal": null,
      "method": "POST",
      "operationId": "user_v2_stream",
      "pagination": null,
      "path": "/v2/users",
      "pathParameters": [],
      "queryParameters": [],
      "request": {
        "additionalProperties": false,
        "contentType": null,
        "description": null,
        "schema": {
          "additionalProperties": false,
          "allOf": [],
          "allOfPropertyConflicts": [],
          "availability": null,
          "description": null,
          "generatedName": "UserV2StreamRequest",
          "groupName": null,
          "nameOverride": null,
          "properties": [
            {
              "audiences": [],
              "availability": null,
              "conflict": {},
              "generatedName": "userV2StreamRequestId",
              "key": "id",
              "nameOverride": null,
              "schema": {
                "availability": null,
                "description": null,
                "generatedName": "userV2StreamRequestId",
                "groupName": null,
                "nameOverride": null,
                "type": "optional",
                "value": {
                  "availability": null,
                  "description": "",
                  "generatedName": "UserV2StreamRequestId",
                  "groupName": null,
                  "nameOverride": null,
                  "schema": {
                    "default": null,
                    "format": null,
                    "maxLength": null,
                    "minLength": null,
                    "pattern": null,
                    "type": "string",
                  },
                  "type": "primitive",
                },
              },
            },
            {
              "audiences": [],
              "availability": null,
              "conflict": {},
              "generatedName": "userV2StreamRequestStream",
              "key": "stream",
              "nameOverride": null,
              "schema": {
                "availability": null,
                "description": null,
                "generatedName": "UserV2StreamRequestStream",
                "groupName": null,
                "nameOverride": null,
                "type": "literal",
                "value": {
                  "type": "boolean",
                  "value": true,
                },
              },
            },
          ],
          "type": "object",
        },
        "type": "json",
      },
      "requestNameOverride": null,
      "response": {
        "description": "",
        "responseProperty": null,
        "schema": {
          "availability": null,
          "description": null,
          "generatedName": "UserV2StreamResponse",
          "groupName": null,
          "nameOverride": null,
          "schema": "StreamUser",
          "type": "reference",
        },
        "type": "streamingJson",
      },
      "sdkName": null,
      "server": [],
      "summary": null,
      "tags": [],
    },
    {
      "audiences": [],
      "authed": false,
      "availability": null,
      "description": null,
      "errors": {},
      "examples": [
        {
          "codeSamples": [],
          "description": null,
          "headers": [],
          "name": null,
          "pathParameters": [],
          "queryParameters": [],
          "request": {
            "properties": {
              "stream": {
                "type": "literal",
                "value": {
                  "type": "boolean",
                  "value": false,
                },
              },
            },
            "type": "object",
          },
          "response": {
            "properties": {
              "id": {
                "type": "primitive",
                "value": {
                  "type": "string",
                  "value": "id",
                },
              },
              "name": {
                "type": "primitive",
                "value": {
                  "type": "string",
                  "value": "name",
                },
              },
              "streamed": {
                "type": "literal",
                "value": {
                  "type": "boolean",
                  "value": false,
                },
              },
            },
            "type": "object",
          },
          "type": "full",
        },
      ],
      "generatedRequestName": "UserV2Request",
      "headers": [],
      "idempotent": null,
      "internal": null,
      "method": "POST",
      "operationId": "user_v2",
      "pagination": null,
      "path": "/v2/users",
      "pathParameters": [],
      "queryParameters": [],
      "request": {
        "additionalProperties": false,
        "contentType": null,
        "description": null,
        "schema": {
          "additionalProperties": false,
          "allOf": [],
          "allOfPropertyConflicts": [],
          "availability": null,
          "description": null,
          "generatedName": "UserV2Request",
          "groupName": null,
          "nameOverride": null,
          "properties": [
            {
              "audiences": [],
              "availability": null,
              "conflict": {},
              "generatedName": "userV2RequestId",
              "key": "id",
              "nameOverride": null,
              "schema": {
                "availability": null,
                "description": null,
                "generatedName": "userV2RequestId",
                "groupName": null,
                "nameOverride": null,
                "type": "optional",
                "value": {
                  "availability": null,
                  "description": "",
                  "generatedName": "UserV2RequestId",
                  "groupName": null,
                  "nameOverride": null,
                  "schema": {
                    "default": null,
                    "format": null,
                    "maxLength": null,
                    "minLength": null,
                    "pattern": null,
                    "type": "string",
                  },
                  "type": "primitive",
                },
              },
            },
            {
              "audiences": [],
              "availability": null,
              "conflict": {},
              "generatedName": "userV2RequestStream",
              "key": "stream",
              "nameOverride": null,
              "schema": {
                "availability": null,
                "description": null,
                "generatedName": "UserV2RequestStream",
                "groupName": null,
                "nameOverride": null,
                "type": "literal",
                "value": {
                  "type": "boolean",
                  "value": false,
                },
              },
            },
          ],
          "type": "object",
        },
        "type": "json",
      },
      "requestNameOverride": null,
      "response": {
        "description": "",
        "responseProperty": null,
        "schema": {
          "availability": null,
          "description": null,
          "generatedName": "UserV2Response",
          "groupName": null,
          "nameOverride": null,
          "schema": "User",
          "type": "reference",
        },
        "type": "json",
      },
      "sdkName": null,
      "server": [],
      "summary": null,
      "tags": [],
    },
    {
      "audiences": [],
      "authed": false,
      "availability": null,
      "description": null,
      "errors": {},
      "examples": [],
      "generatedRequestName": "UserV3StreamRequest",
      "headers": [],
      "idempotent": null,
      "internal": null,
      "method": "POST",
      "operationId": "user_v3_stream",
      "pagination": null,
      "path": "/v3/users",
      "pathParameters": [],
      "queryParameters": [],
      "request": {
        "additionalProperties": false,
        "contentType": null,
        "description": null,
        "schema": {
          "additionalProperties": false,
          "allOf": [],
          "allOfPropertyConflicts": [],
          "availability": null,
          "description": null,
          "generatedName": "UserV3StreamRequest",
          "groupName": null,
          "nameOverride": null,
          "properties": [
            {
              "audiences": [],
              "availability": null,
              "conflict": {},
              "generatedName": "userV3StreamRequestId",
              "key": "id",
              "nameOverride": null,
              "schema": {
                "availability": null,
                "description": null,
                "generatedName": "userV3StreamRequestId",
                "groupName": null,
                "nameOverride": null,
                "type": "optional",
                "value": {
                  "availability": null,
                  "description": "",
                  "generatedName": "UserV3StreamRequestId",
                  "groupName": null,
                  "nameOverride": null,
                  "schema": {
                    "default": null,
                    "format": null,
                    "maxLength": null,
                    "minLength": null,
                    "pattern": null,
                    "type": "string",
                  },
                  "type": "primitive",
                },
              },
            },
            {
              "audiences": [],
              "availability": null,
              "conflict": {},
              "generatedName": "userV3StreamRequestStream",
              "key": "stream",
              "nameOverride": null,
              "schema": {
                "availability": null,
                "description": null,
                "generatedName": "UserV3StreamRequestStream",
                "groupName": null,
                "nameOverride": null,
                "type": "literal",
                "value": {
                  "type": "boolean",
                  "value": true,
                },
              },
            },
          ],
          "type": "object",
        },
        "type": "json",
      },
      "requestNameOverride": null,
      "response": {
        "description": "",
        "responseProperty": null,
        "schema": {
          "additionalProperties": false,
          "allOf": [],
          "allOfPropertyConflicts": [],
          "availability": null,
          "description": null,
          "generatedName": "UserV3StreamResponse",
          "groupName": null,
          "nameOverride": null,
          "properties": [
            {
              "audiences": [],
              "availability": null,
              "conflict": {},
              "generatedName": "userV3StreamResponseId",
              "key": "id",
              "nameOverride": null,
              "schema": {
                "availability": null,
                "description": null,
                "generatedName": "userV3StreamResponseId",
                "groupName": null,
                "nameOverride": null,
                "type": "optional",
                "value": {
                  "availability": null,
                  "description": null,
                  "generatedName": "UserV3StreamResponseId",
                  "groupName": null,
                  "nameOverride": null,
                  "schema": {
                    "default": null,
                    "format": "uuid",
                    "maxLength": null,
                    "minLength": null,
                    "pattern": null,
                    "type": "string",
                  },
                  "type": "primitive",
                },
              },
            },
            {
              "audiences": [],
              "availability": null,
              "conflict": {},
              "generatedName": "userV3StreamResponseInline",
              "key": "inline",
              "nameOverride": null,
              "schema": {
                "availability": null,
                "description": null,
                "generatedName": "userV3StreamResponseInline",
                "groupName": null,
                "nameOverride": null,
                "type": "optional",
                "value": {
                  "availability": null,
                  "description": null,
                  "generatedName": "UserV3StreamResponseInline",
                  "groupName": null,
                  "nameOverride": null,
                  "schema": {
                    "default": null,
                    "type": "boolean",
                  },
                  "type": "primitive",
                },
              },
            },
            {
              "audiences": [],
              "availability": null,
              "conflict": {},
              "generatedName": "userV3StreamResponseStreamed",
              "key": "streamed",
              "nameOverride": null,
              "schema": {
                "availability": null,
                "description": null,
                "generatedName": "userV3StreamResponseStreamed",
                "groupName": null,
                "nameOverride": null,
                "type": "optional",
                "value": {
                  "availability": null,
                  "description": null,
                  "generatedName": "UserV3StreamResponseStreamed",
                  "groupName": null,
                  "nameOverride": null,
                  "schema": {
                    "default": null,
                    "type": "boolean",
                  },
                  "type": "primitive",
                },
              },
            },
          ],
          "type": "object",
        },
        "type": "streamingJson",
      },
      "sdkName": null,
      "server": [],
      "summary": null,
      "tags": [],
    },
    {
      "audiences": [],
      "authed": false,
      "availability": null,
      "description": null,
      "errors": {},
      "examples": [
        {
          "codeSamples": [],
          "description": null,
          "headers": [],
          "name": null,
          "pathParameters": [],
          "queryParameters": [],
          "request": {
            "properties": {
              "stream": {
                "type": "literal",
                "value": {
                  "type": "boolean",
                  "value": false,
                },
              },
            },
            "type": "object",
          },
          "response": {
            "properties": {
              "id": {
                "type": "primitive",
                "value": {
                  "type": "string",
                  "value": "id",
                },
              },
              "inline": {
                "type": "primitive",
                "value": {
                  "type": "boolean",
                  "value": true,
                },
              },
            },
            "type": "object",
          },
          "type": "full",
        },
      ],
      "generatedRequestName": "UserV3Request",
      "headers": [],
      "idempotent": null,
      "internal": null,
      "method": "POST",
      "operationId": "user_v3",
      "pagination": null,
      "path": "/v3/users",
      "pathParameters": [],
      "queryParameters": [],
      "request": {
        "additionalProperties": false,
        "contentType": null,
        "description": null,
        "schema": {
          "additionalProperties": false,
          "allOf": [],
          "allOfPropertyConflicts": [],
          "availability": null,
          "description": null,
          "generatedName": "UserV3Request",
          "groupName": null,
          "nameOverride": null,
          "properties": [
            {
              "audiences": [],
              "availability": null,
              "conflict": {},
              "generatedName": "userV3RequestId",
              "key": "id",
              "nameOverride": null,
              "schema": {
                "availability": null,
                "description": null,
                "generatedName": "userV3RequestId",
                "groupName": null,
                "nameOverride": null,
                "type": "optional",
                "value": {
                  "availability": null,
                  "description": "",
                  "generatedName": "UserV3RequestId",
                  "groupName": null,
                  "nameOverride": null,
                  "schema": {
                    "default": null,
                    "format": null,
                    "maxLength": null,
                    "minLength": null,
                    "pattern": null,
                    "type": "string",
                  },
                  "type": "primitive",
                },
              },
            },
            {
              "audiences": [],
              "availability": null,
              "conflict": {},
              "generatedName": "userV3RequestStream",
              "key": "stream",
              "nameOverride": null,
              "schema": {
                "availability": null,
                "description": null,
                "generatedName": "UserV3RequestStream",
                "groupName": null,
                "nameOverride": null,
                "type": "literal",
                "value": {
                  "type": "boolean",
                  "value": false,
                },
              },
            },
          ],
          "type": "object",
        },
        "type": "json",
      },
      "requestNameOverride": null,
      "response": {
        "description": "",
        "responseProperty": null,
        "schema": {
          "additionalProperties": false,
          "allOf": [],
          "allOfPropertyConflicts": [],
          "availability": null,
          "description": null,
          "generatedName": "UserV3Response",
          "groupName": null,
          "nameOverride": null,
          "properties": [
            {
              "audiences": [],
              "availability": null,
              "conflict": {},
              "generatedName": "userV3ResponseId",
              "key": "id",
              "nameOverride": null,
              "schema": {
                "availability": null,
                "description": null,
                "generatedName": "userV3ResponseId",
                "groupName": null,
                "nameOverride": null,
                "type": "optional",
                "value": {
                  "availability": null,
                  "description": null,
                  "generatedName": "UserV3ResponseId",
                  "groupName": null,
                  "nameOverride": null,
                  "schema": {
                    "default": null,
                    "format": "uuid",
                    "maxLength": null,
                    "minLength": null,
                    "pattern": null,
                    "type": "string",
                  },
                  "type": "primitive",
                },
              },
            },
            {
              "audiences": [],
              "availability": null,
              "conflict": {},
              "generatedName": "userV3ResponseInline",
              "key": "inline",
              "nameOverride": null,
              "schema": {
                "availability": null,
                "description": null,
                "generatedName": "userV3ResponseInline",
                "groupName": null,
                "nameOverride": null,
                "type": "optional",
                "value": {
                  "availability": null,
                  "description": null,
                  "generatedName": "UserV3ResponseInline",
                  "groupName": null,
                  "nameOverride": null,
                  "schema": {
                    "default": null,
                    "type": "boolean",
                  },
                  "type": "primitive",
                },
              },
            },
          ],
          "type": "object",
        },
        "type": "json",
      },
      "sdkName": null,
      "server": [],
      "summary": null,
      "tags": [],
    },
  ],
  "globalHeaders": [],
  "groups": {},
  "hasEndpointsMarkedInternal": false,
  "idempotencyHeaders": [],
  "nonRequestReferencedSchemas": [
    "BaseStreamUser",
    "BaseUser",
    "StreamUser",
    "User",
  ],
  "schemas": {
    "BaseStreamUser": {
      "additionalProperties": false,
      "allOf": [],
      "allOfPropertyConflicts": [],
      "availability": null,
      "description": null,
      "generatedName": "BaseStreamUser",
      "groupName": null,
      "nameOverride": null,
      "properties": [
        {
          "audiences": [],
          "availability": null,
          "conflict": {},
          "generatedName": "baseStreamUserId",
          "key": "id",
          "nameOverride": null,
          "schema": {
            "availability": null,
            "description": null,
            "generatedName": "baseStreamUserId",
            "groupName": null,
            "nameOverride": null,
            "type": "optional",
            "value": {
              "availability": null,
              "description": null,
              "generatedName": "BaseStreamUserId",
              "groupName": null,
              "nameOverride": null,
              "schema": {
                "default": null,
                "format": "uuid",
                "maxLength": null,
                "minLength": null,
                "pattern": null,
                "type": "string",
              },
              "type": "primitive",
            },
          },
        },
      ],
      "type": "object",
    },
    "BaseUser": {
      "additionalProperties": false,
      "allOf": [],
      "allOfPropertyConflicts": [],
      "availability": null,
      "description": null,
      "generatedName": "BaseUser",
      "groupName": null,
      "nameOverride": null,
      "properties": [
        {
          "audiences": [],
          "availability": null,
          "conflict": {},
          "generatedName": "baseUserId",
          "key": "id",
          "nameOverride": null,
          "schema": {
            "availability": null,
            "description": null,
            "generatedName": "baseUserId",
            "groupName": null,
            "nameOverride": null,
            "type": "optional",
            "value": {
              "availability": null,
              "description": null,
              "generatedName": "BaseUserId",
              "groupName": null,
              "nameOverride": null,
              "schema": {
                "default": null,
                "format": "uuid",
                "maxLength": null,
                "minLength": null,
                "pattern": null,
                "type": "string",
              },
              "type": "primitive",
            },
          },
        },
      ],
      "type": "object",
    },
    "StreamUser": {
      "additionalProperties": false,
      "allOf": [],
      "allOfPropertyConflicts": [],
      "availability": null,
      "description": null,
      "generatedName": "StreamUser",
      "groupName": null,
      "nameOverride": null,
      "properties": [
        {
          "audiences": [],
          "availability": null,
          "conflict": {},
          "generatedName": "streamUserId",
          "key": "id",
          "nameOverride": null,
          "schema": {
            "availability": null,
            "description": null,
            "generatedName": "streamUserId",
            "groupName": null,
            "nameOverride": null,
            "type": "optional",
            "value": {
              "availability": null,
              "description": null,
              "generatedName": "StreamUserId",
              "groupName": null,
              "nameOverride": null,
              "schema": {
                "default": null,
                "format": "uuid",
                "maxLength": null,
                "minLength": null,
                "pattern": null,
                "type": "string",
              },
              "type": "primitive",
            },
          },
        },
        {
          "audiences": [],
          "availability": null,
          "conflict": {},
          "generatedName": "streamUserName",
          "key": "name",
          "nameOverride": null,
          "schema": {
            "availability": null,
            "description": null,
            "generatedName": "streamUserName",
            "groupName": null,
            "nameOverride": null,
            "type": "optional",
            "value": {
              "availability": null,
              "description": null,
              "generatedName": "StreamUserName",
              "groupName": null,
              "nameOverride": null,
              "schema": {
                "default": null,
                "format": null,
                "maxLength": null,
                "minLength": null,
                "pattern": null,
                "type": "string",
              },
              "type": "primitive",
            },
          },
        },
        {
          "audiences": [],
          "availability": null,
          "conflict": {},
          "generatedName": "streamUserStreamed",
          "key": "streamed",
          "nameOverride": null,
          "schema": {
            "availability": null,
            "description": null,
            "generatedName": "streamUserStreamed",
            "groupName": null,
            "nameOverride": null,
            "type": "optional",
            "value": {
              "availability": null,
              "description": null,
              "generatedName": "StreamUserStreamed",
              "groupName": null,
              "nameOverride": null,
              "type": "literal",
              "value": {
                "type": "boolean",
                "value": true,
              },
            },
          },
        },
      ],
      "type": "object",
    },
    "User": {
      "additionalProperties": false,
      "allOf": [],
      "allOfPropertyConflicts": [],
      "availability": null,
      "description": null,
      "generatedName": "User",
      "groupName": null,
      "nameOverride": null,
      "properties": [
        {
          "audiences": [],
          "availability": null,
          "conflict": {},
          "generatedName": "userId",
          "key": "id",
          "nameOverride": null,
          "schema": {
            "availability": null,
            "description": null,
            "generatedName": "userId",
            "groupName": null,
            "nameOverride": null,
            "type": "optional",
            "value": {
              "availability": null,
              "description": null,
              "generatedName": "UserId",
              "groupName": null,
              "nameOverride": null,
              "schema": {
                "default": null,
                "format": "uuid",
                "maxLength": null,
                "minLength": null,
                "pattern": null,
                "type": "string",
              },
              "type": "primitive",
            },
          },
        },
        {
          "audiences": [],
          "availability": null,
          "conflict": {},
          "generatedName": "userName",
          "key": "name",
          "nameOverride": null,
          "schema": {
            "availability": null,
            "description": null,
            "generatedName": "userName",
            "groupName": null,
            "nameOverride": null,
            "type": "optional",
            "value": {
              "availability": null,
              "description": null,
              "generatedName": "UserName",
              "groupName": null,
              "nameOverride": null,
              "schema": {
                "default": null,
                "format": null,
                "maxLength": null,
                "minLength": null,
                "pattern": null,
                "type": "string",
              },
              "type": "primitive",
            },
          },
        },
        {
          "audiences": [],
          "availability": null,
          "conflict": {},
          "generatedName": "userStreamed",
          "key": "streamed",
          "nameOverride": null,
          "schema": {
            "availability": null,
            "description": null,
            "generatedName": "userStreamed",
            "groupName": null,
            "nameOverride": null,
            "type": "optional",
            "value": {
              "availability": null,
              "description": null,
              "generatedName": "UserStreamed",
              "groupName": null,
              "nameOverride": null,
              "type": "literal",
              "value": {
                "type": "boolean",
                "value": false,
              },
            },
          },
        },
      ],
      "type": "object",
    },
  },
  "securitySchemes": {},
  "servers": [],
  "tags": {
    "orderedTagIds": null,
    "tagsById": {},
  },
  "title": "Streaming API",
  "variables": {},
  "webhooks": [],
}
`;
