// Jest Snapshot v1, https://goo.gl/fbAQLP

exports[`open api parser uint parse open api 1`] = `
{
  "apiVersion": null,
  "basePath": null,
  "channel": [],
  "description": null,
  "endpoints": [
    {
      "audiences": [],
      "authed": false,
      "availability": null,
      "description": null,
      "errors": {},
      "examples": [
        {
          "codeSamples": [],
          "description": null,
          "headers": [],
          "name": null,
          "pathParameters": [],
          "queryParameters": [],
          "request": {
            "properties": {},
            "type": "object",
          },
          "response": {
            "properties": {
              "id": {
                "type": "primitive",
                "value": {
                  "type": "float",
                  "value": 1.1,
                },
              },
              "value": {
                "type": "primitive",
                "value": {
                  "type": "uint64",
                  "value": 1000000,
                },
              },
            },
            "type": "object",
          },
          "type": "full",
        },
      ],
      "generatedRequestName": "GetRequest",
      "headers": [],
      "idempotent": null,
      "internal": null,
      "method": "GET",
      "operationId": "Get",
      "pagination": null,
      "path": "/get",
      "pathParameters": [],
      "queryParameters": [],
      "request": {
        "additionalProperties": false,
        "contentType": null,
        "description": null,
        "schema": {
          "availability": null,
          "description": null,
          "generatedName": "GetRequest",
          "groupName": null,
          "nameOverride": null,
          "schema": "Request",
          "type": "reference",
        },
        "type": "json",
      },
      "requestNameOverride": null,
      "response": {
        "description": "A simple API response.",
        "responseProperty": null,
        "schema": {
          "availability": null,
          "description": null,
          "generatedName": "GetResponse",
          "groupName": null,
          "nameOverride": null,
          "schema": "Response",
          "type": "reference",
        },
        "type": "json",
      },
      "sdkName": null,
      "server": [],
      "summary": null,
      "tags": [],
    },
  ],
  "globalHeaders": [],
  "groups": {},
  "hasEndpointsMarkedInternal": false,
  "idempotencyHeaders": [],
  "nonRequestReferencedSchemas": [
    "Response",
  ],
  "schemas": {
    "Request": {
      "additionalProperties": false,
      "allOf": [],
      "allOfPropertyConflicts": [],
      "availability": null,
      "description": "A generic request type used throughout the API.
",
      "generatedName": "Request",
      "groupName": null,
      "nameOverride": null,
      "properties": [
        {
          "audiences": [],
          "availability": null,
          "conflict": {},
          "generatedName": "requestId",
          "key": "id",
          "nameOverride": null,
          "schema": {
            "availability": null,
            "description": null,
            "generatedName": "requestId",
            "groupName": null,
            "nameOverride": null,
            "type": "optional",
            "value": {
              "availability": null,
              "description": null,
              "generatedName": "RequestId",
              "groupName": null,
              "nameOverride": null,
              "schema": {
                "type": "float",
              },
              "type": "primitive",
            },
          },
        },
        {
          "audiences": [],
          "availability": null,
          "conflict": {},
          "generatedName": "requestValue",
          "key": "value",
          "nameOverride": null,
          "schema": {
            "availability": null,
            "description": null,
            "generatedName": "requestValue",
            "groupName": null,
            "nameOverride": null,
            "type": "optional",
            "value": {
              "availability": null,
              "description": null,
              "generatedName": "RequestValue",
              "groupName": null,
              "nameOverride": null,
              "schema": {
                "type": "uint64",
              },
              "type": "primitive",
            },
          },
        },
      ],
      "type": "object",
    },
    "Response": {
      "additionalProperties": false,
      "allOf": [],
      "allOfPropertyConflicts": [],
      "availability": null,
      "description": "A generic response type used throughout the API.
",
      "generatedName": "Response",
      "groupName": null,
      "nameOverride": null,
      "properties": [
        {
          "audiences": [],
          "availability": null,
          "conflict": {},
          "generatedName": "responseId",
          "key": "id",
          "nameOverride": null,
          "schema": {
            "availability": null,
            "description": null,
            "generatedName": "responseId",
            "groupName": null,
            "nameOverride": null,
            "type": "optional",
            "value": {
              "availability": null,
              "description": null,
              "generatedName": "ResponseId",
              "groupName": null,
              "nameOverride": null,
              "schema": {
                "type": "float",
              },
              "type": "primitive",
            },
          },
        },
        {
          "audiences": [],
          "availability": null,
          "conflict": {},
          "generatedName": "responseValue",
          "key": "value",
          "nameOverride": null,
          "schema": {
            "availability": null,
            "description": null,
            "generatedName": "responseValue",
            "groupName": null,
            "nameOverride": null,
            "type": "optional",
            "value": {
              "availability": null,
              "description": null,
              "generatedName": "ResponseValue",
              "groupName": null,
              "nameOverride": null,
              "schema": {
                "type": "uint64",
              },
              "type": "primitive",
            },
          },
        },
      ],
      "type": "object",
    },
  },
  "securitySchemes": {},
  "servers": [],
  "tags": {
    "orderedTagIds": null,
    "tagsById": {},
  },
  "title": "Test spec for \`uint\` types specified as number formats.",
  "variables": {},
  "webhooks": [],
}
`;
