// Jest Snapshot v1, https://goo.gl/fbAQLP

exports[`open api parser webhooks parse open api 1`] = `
{
  "apiVersion": null,
  "basePath": null,
  "channel": [],
  "description": null,
  "endpoints": [],
  "globalHeaders": [],
  "groups": {},
  "hasEndpointsMarkedInternal": false,
  "idempotencyHeaders": [],
  "nonRequestReferencedSchemas": [],
  "schemas": {
    "Pet": {
      "additionalProperties": false,
      "allOf": [],
      "allOfPropertyConflicts": [],
      "availability": null,
      "description": null,
      "generatedName": "Pet",
      "groupName": null,
      "nameOverride": null,
      "properties": [
        {
          "audiences": [],
          "availability": null,
          "conflict": {},
          "generatedName": "petId",
          "key": "id",
          "nameOverride": null,
          "schema": {
            "availability": null,
            "description": null,
            "generatedName": "PetId",
            "groupName": null,
            "nameOverride": null,
            "schema": {
              "default": null,
              "type": "int64",
            },
            "type": "primitive",
          },
        },
        {
          "audiences": [],
          "availability": null,
          "conflict": {},
          "generatedName": "petName",
          "key": "name",
          "nameOverride": null,
          "schema": {
            "availability": null,
            "description": null,
            "generatedName": "PetName",
            "groupName": null,
            "nameOverride": null,
            "schema": {
              "default": null,
              "format": null,
              "maxLength": null,
              "minLength": null,
              "pattern": null,
              "type": "string",
            },
            "type": "primitive",
          },
        },
        {
          "audiences": [],
          "availability": null,
          "conflict": {},
          "generatedName": "petTag",
          "key": "tag",
          "nameOverride": null,
          "schema": {
            "availability": null,
            "description": null,
            "generatedName": "petTag",
            "groupName": null,
            "nameOverride": null,
            "type": "optional",
            "value": {
              "availability": null,
              "description": null,
              "generatedName": "PetTag",
              "groupName": null,
              "nameOverride": null,
              "schema": {
                "default": null,
                "format": null,
                "maxLength": null,
                "minLength": null,
                "pattern": null,
                "type": "string",
              },
              "type": "primitive",
            },
          },
        },
      ],
      "type": "object",
    },
  },
  "securitySchemes": {},
  "servers": [],
  "tags": {
    "orderedTagIds": null,
    "tagsById": {},
  },
  "title": "Webhooks",
  "variables": {},
  "webhooks": [
    {
      "description": null,
      "examples": [
        {
          "description": null,
          "name": "Example 1",
          "payload": {
            "type": "map",
            "value": [
              {
                "key": {
                  "type": "string",
                  "value": "id",
                },
                "value": {
                  "type": "primitive",
                  "value": {
                    "type": "int",
                    "value": 123,
                  },
                },
              },
              {
                "key": {
                  "type": "string",
                  "value": "name",
                },
                "value": {
                  "type": "primitive",
                  "value": {
                    "type": "string",
                    "value": "Scratch",
                  },
                },
              },
              {
                "key": {
                  "type": "string",
                  "value": "tag",
                },
                "value": {
                  "type": "primitive",
                  "value": {
                    "type": "string",
                    "value": "Cat",
                  },
                },
              },
            ],
          },
        },
      ],
      "generatedPayloadName": "CreatePetPayload",
      "headers": [],
      "method": "POST",
      "operationId": "CreatePet",
      "payload": {
        "availability": null,
        "description": null,
        "generatedName": "CreatePetPayload",
        "groupName": null,
        "nameOverride": null,
        "schema": "Pet",
        "type": "reference",
      },
      "sdkName": null,
      "summary": null,
      "tags": [],
    },
  ],
}
`;
