// Jest Snapshot v1, https://goo.gl/fbAQLP

exports[`x-fern-examples x-fern-examples parse open api 1`] = `
{
  "apiVersion": null,
  "basePath": null,
  "channel": [],
  "description": null,
  "endpoints": [
    {
      "audiences": [],
      "authed": false,
      "availability": null,
      "description": null,
      "errors": {},
      "examples": [
        {
          "type": "unknown",
          "value": {
            "response": {
              "body": {
                "message": "This is a test",
              },
            },
          },
        },
        {
          "type": "unknown",
          "value": {
            "response": {
              "body": {
                "id": 1,
                "name": "John Doe",
              },
            },
          },
        },
      ],
      "generatedRequestName": "GetExampleRequest",
      "headers": [],
      "idempotent": null,
      "internal": null,
      "method": "GET",
      "operationId": null,
      "pagination": null,
      "path": "/example",
      "pathParameters": [],
      "queryParameters": [],
      "request": null,
      "requestNameOverride": null,
      "response": {
        "description": "Successful response",
        "responseProperty": null,
        "schema": {
          "type": "oneOf",
          "value": {
            "availability": null,
            "description": null,
            "generatedName": "GetExampleResponse",
            "groupName": null,
            "nameOverride": null,
            "schemas": [
              {
                "additionalProperties": false,
                "allOf": [],
                "allOfPropertyConflicts": [],
                "availability": null,
                "description": null,
                "generatedName": "NotFound",
                "groupName": null,
                "nameOverride": null,
                "properties": [
                  {
                    "audiences": [],
                    "availability": null,
                    "conflict": {},
                    "generatedName": "notFoundMessage",
                    "key": "message",
                    "nameOverride": null,
                    "schema": {
                      "availability": null,
                      "description": null,
                      "generatedName": "notFoundMessage",
                      "groupName": null,
                      "nameOverride": null,
                      "type": "optional",
                      "value": {
                        "availability": null,
                        "description": null,
                        "generatedName": "NotFoundMessage",
                        "groupName": null,
                        "nameOverride": null,
                        "schema": {
                          "default": null,
                          "format": null,
                          "maxLength": null,
                          "minLength": null,
                          "pattern": null,
                          "type": "string",
                        },
                        "type": "primitive",
                      },
                    },
                  },
                ],
                "type": "object",
              },
              {
                "availability": null,
                "description": null,
                "generatedName": "GetExampleResponseOne",
                "groupName": null,
                "nameOverride": null,
                "schema": "Schema1",
                "type": "reference",
              },
              {
                "availability": null,
                "description": null,
                "generatedName": "GetExampleResponseTwo",
                "groupName": null,
                "nameOverride": null,
                "schema": "Schema2",
                "type": "reference",
              },
              {
                "additionalProperties": false,
                "allOf": [],
                "allOfPropertyConflicts": [],
                "availability": null,
                "description": null,
                "generatedName": "GetExampleResponseMessage",
                "groupName": null,
                "nameOverride": null,
                "properties": [
                  {
                    "audiences": [],
                    "availability": null,
                    "conflict": {},
                    "generatedName": "getExampleResponseMessageMessage",
                    "key": "message",
                    "nameOverride": null,
                    "schema": {
                      "availability": null,
                      "description": null,
                      "generatedName": "getExampleResponseMessageMessage",
                      "groupName": null,
                      "nameOverride": null,
                      "type": "optional",
                      "value": {
                        "availability": null,
                        "description": null,
                        "generatedName": "GetExampleResponseMessageMessage",
                        "groupName": null,
                        "nameOverride": null,
                        "schema": {
                          "default": null,
                          "format": null,
                          "maxLength": null,
                          "minLength": null,
                          "pattern": null,
                          "type": "string",
                        },
                        "type": "primitive",
                      },
                    },
                  },
                ],
                "type": "object",
              },
            ],
            "type": "undisciminated",
          },
        },
        "type": "json",
      },
      "sdkName": null,
      "server": [],
      "summary": "Get Example",
      "tags": [],
    },
  ],
  "globalHeaders": [],
  "groups": {},
  "hasEndpointsMarkedInternal": false,
  "idempotencyHeaders": [],
  "nonRequestReferencedSchemas": [
    "Schema1",
    "Schema2",
  ],
  "schemas": {
    "Schema1": {
      "additionalProperties": false,
      "allOf": [],
      "allOfPropertyConflicts": [],
      "availability": null,
      "description": null,
      "generatedName": "Schema1",
      "groupName": null,
      "nameOverride": null,
      "properties": [
        {
          "audiences": [],
          "availability": null,
          "conflict": {},
          "generatedName": "schema1Id",
          "key": "id",
          "nameOverride": null,
          "schema": {
            "availability": null,
            "description": null,
            "generatedName": "schema1Id",
            "groupName": null,
            "nameOverride": null,
            "type": "optional",
            "value": {
              "availability": null,
              "description": null,
              "generatedName": "Schema1Id",
              "groupName": null,
              "nameOverride": null,
              "schema": {
                "default": null,
                "exclusiveMaximum": null,
                "exclusiveMinimum": null,
                "maximum": null,
                "minimum": null,
                "multipleOf": null,
                "type": "int",
              },
              "type": "primitive",
            },
          },
        },
        {
          "audiences": [],
          "availability": null,
          "conflict": {},
          "generatedName": "schema1Name",
          "key": "name",
          "nameOverride": null,
          "schema": {
            "availability": null,
            "description": null,
            "generatedName": "schema1Name",
            "groupName": null,
            "nameOverride": null,
            "type": "optional",
            "value": {
              "availability": null,
              "description": null,
              "generatedName": "Schema1Name",
              "groupName": null,
              "nameOverride": null,
              "schema": {
                "default": null,
                "format": null,
                "maxLength": null,
                "minLength": null,
                "pattern": null,
                "type": "string",
              },
              "type": "primitive",
            },
          },
        },
      ],
      "type": "object",
    },
    "Schema2": {
      "additionalProperties": false,
      "allOf": [],
      "allOfPropertyConflicts": [],
      "availability": null,
      "description": null,
      "generatedName": "Schema2",
      "groupName": null,
      "nameOverride": null,
      "properties": [
        {
          "audiences": [],
          "availability": null,
          "conflict": {},
          "generatedName": "schema2Email",
          "key": "email",
          "nameOverride": null,
          "schema": {
            "availability": null,
            "description": null,
            "generatedName": "schema2Email",
            "groupName": null,
            "nameOverride": null,
            "type": "optional",
            "value": {
              "availability": null,
              "description": null,
              "generatedName": "Schema2Email",
              "groupName": null,
              "nameOverride": null,
              "schema": {
                "default": null,
                "format": null,
                "maxLength": null,
                "minLength": null,
                "pattern": null,
                "type": "string",
              },
              "type": "primitive",
            },
          },
        },
        {
          "audiences": [],
          "availability": null,
          "conflict": {},
          "generatedName": "schema2Age",
          "key": "age",
          "nameOverride": null,
          "schema": {
            "availability": null,
            "description": null,
            "generatedName": "schema2Age",
            "groupName": null,
            "nameOverride": null,
            "type": "optional",
            "value": {
              "availability": null,
              "description": null,
              "generatedName": "Schema2Age",
              "groupName": null,
              "nameOverride": null,
              "schema": {
                "default": null,
                "exclusiveMaximum": null,
                "exclusiveMinimum": null,
                "maximum": null,
                "minimum": null,
                "multipleOf": null,
                "type": "int",
              },
              "type": "primitive",
            },
          },
        },
      ],
      "type": "object",
    },
  },
  "securitySchemes": {},
  "servers": [],
  "tags": {
    "orderedTagIds": null,
    "tagsById": {},
  },
  "title": "Sample API",
  "variables": {},
  "webhooks": [],
}
`;
