// Jest Snapshot v1, https://goo.gl/fbAQLP

exports[`x-fern-version x-fern-version parse open api 1`] = `
{
  "apiVersion": {
    "default": "2.0.0",
    "header": "X-API-Version",
    "values": [
      "1.0.0",
      "2.0.0",
      "Latest",
    ],
  },
  "basePath": null,
  "channel": [],
  "description": null,
  "endpoints": [
    {
      "audiences": [],
      "authed": false,
      "availability": null,
      "description": null,
      "errors": {},
      "examples": [
        {
          "codeSamples": [],
          "description": null,
          "headers": [],
          "name": null,
          "pathParameters": [],
          "queryParameters": [],
          "request": {
            "properties": {
              "prompt": {
                "type": "primitive",
                "value": {
                  "type": "string",
                  "value": "prompt",
                },
              },
            },
            "type": "object",
          },
          "response": {
            "type": "primitive",
            "value": {
              "type": "string",
              "value": "string",
            },
          },
          "type": "full",
        },
      ],
      "generatedRequestName": "ChatCompletionsCreateRequest",
      "headers": [],
      "idempotent": null,
      "internal": null,
      "method": "POST",
      "operationId": null,
      "pagination": null,
      "path": "/completions/chat",
      "pathParameters": [],
      "queryParameters": [],
      "request": {
        "additionalProperties": false,
        "contentType": null,
        "description": null,
        "schema": {
          "availability": null,
          "description": null,
          "generatedName": "ChatCompletionsCreateRequest",
          "groupName": null,
          "nameOverride": null,
          "schema": "CreateCompletionRequest",
          "type": "reference",
        },
        "type": "json",
      },
      "requestNameOverride": null,
      "response": {
        "description": "Success!",
        "responseProperty": null,
        "schema": {
          "availability": null,
          "description": null,
          "generatedName": "ChatCompletionsCreateResponse",
          "groupName": null,
          "nameOverride": null,
          "schema": {
            "default": null,
            "format": null,
            "maxLength": null,
            "minLength": null,
            "pattern": null,
            "type": "string",
          },
          "type": "primitive",
        },
        "type": "json",
      },
      "sdkName": {
        "groupName": [
          "chatCompletions",
        ],
        "methodName": "create",
      },
      "server": [],
      "summary": null,
      "tags": [],
    },
  ],
  "globalHeaders": [],
  "groups": {},
  "hasEndpointsMarkedInternal": false,
  "idempotencyHeaders": [],
  "nonRequestReferencedSchemas": [],
  "schemas": {
    "Completion": {
      "additionalProperties": false,
      "allOf": [],
      "allOfPropertyConflicts": [],
      "availability": null,
      "description": null,
      "generatedName": "Completion",
      "groupName": null,
      "nameOverride": null,
      "properties": [
        {
          "audiences": [],
          "availability": null,
          "conflict": {},
          "generatedName": "completionText",
          "key": "text",
          "nameOverride": null,
          "schema": {
            "availability": null,
            "description": null,
            "generatedName": "completionText",
            "groupName": null,
            "nameOverride": null,
            "type": "optional",
            "value": {
              "availability": null,
              "description": null,
              "generatedName": "CompletionText",
              "groupName": null,
              "nameOverride": null,
              "schema": {
                "default": null,
                "format": null,
                "maxLength": null,
                "minLength": null,
                "pattern": null,
                "type": "string",
              },
              "type": "primitive",
            },
          },
        },
      ],
      "type": "object",
    },
    "CompletionChunk": {
      "additionalProperties": false,
      "allOf": [],
      "allOfPropertyConflicts": [],
      "availability": null,
      "description": null,
      "generatedName": "CompletionChunk",
      "groupName": null,
      "nameOverride": null,
      "properties": [
        {
          "audiences": [],
          "availability": null,
          "conflict": {},
          "generatedName": "completionChunkText",
          "key": "text",
          "nameOverride": null,
          "schema": {
            "availability": null,
            "description": null,
            "generatedName": "completionChunkText",
            "groupName": null,
            "nameOverride": null,
            "type": "optional",
            "value": {
              "availability": null,
              "description": null,
              "generatedName": "CompletionChunkText",
              "groupName": null,
              "nameOverride": null,
              "schema": {
                "default": null,
                "format": null,
                "maxLength": null,
                "minLength": null,
                "pattern": null,
                "type": "string",
              },
              "type": "primitive",
            },
          },
        },
      ],
      "type": "object",
    },
    "CreateCompletionRequest": {
      "additionalProperties": false,
      "allOf": [],
      "allOfPropertyConflicts": [],
      "availability": null,
      "description": null,
      "generatedName": "CreateCompletionRequest",
      "groupName": null,
      "nameOverride": null,
      "properties": [
        {
          "audiences": [],
          "availability": null,
          "conflict": {},
          "generatedName": "createCompletionRequestStream",
          "key": "stream",
          "nameOverride": null,
          "schema": {
            "availability": null,
            "description": null,
            "generatedName": "createCompletionRequestStream",
            "groupName": null,
            "nameOverride": null,
            "type": "optional",
            "value": {
              "availability": null,
              "description": null,
              "generatedName": "CreateCompletionRequestStream",
              "groupName": null,
              "nameOverride": null,
              "schema": {
                "default": null,
                "type": "boolean",
              },
              "type": "primitive",
            },
          },
        },
        {
          "audiences": [],
          "availability": null,
          "conflict": {},
          "generatedName": "createCompletionRequestPrompt",
          "key": "prompt",
          "nameOverride": null,
          "schema": {
            "availability": null,
            "description": null,
            "generatedName": "CreateCompletionRequestPrompt",
            "groupName": null,
            "nameOverride": null,
            "schema": {
              "default": null,
              "format": null,
              "maxLength": null,
              "minLength": null,
              "pattern": null,
              "type": "string",
            },
            "type": "primitive",
          },
        },
      ],
      "type": "object",
    },
  },
  "securitySchemes": {
    "access_token": {
      "tokenEnvVar": null,
      "tokenVariableName": null,
      "type": "bearer",
    },
    "api_key": {
      "tokenEnvVar": null,
      "tokenVariableName": null,
      "type": "bearer",
    },
    "custom_header": {
      "headerEnvVar": null,
      "headerName": "X-API-Key",
      "headerVariableName": null,
      "prefix": null,
      "type": "header",
    },
  },
  "servers": [],
  "tags": {
    "orderedTagIds": null,
    "tagsById": {},
  },
  "title": "Test extension \`x-fern-version\`.",
  "variables": {},
  "webhooks": [],
}
`;
