// Jest Snapshot v1, https://goo.gl/fbAQLP

exports[`open api parser inline-schema-reference docs 1`] = `
{
  "definitionFiles": {},
  "packageMarkerFile": {
    "service": {
      "auth": false,
      "base-path": "",
      "endpoints": {
        "getExample": {
          "auth": false,
          "display-name": "Get Example",
          "docs": undefined,
          "examples": [
            {
              "response": {
                "body": {
                  "message": "message",
                },
              },
            },
          ],
          "method": "GET",
          "pagination": undefined,
          "path": "/example",
          "response": {
            "docs": "Successful response",
            "type": "GetExampleResponse",
          },
        },
      },
    },
    "types": {
      "GetExampleResponse": {
        "discriminated": false,
        "docs": undefined,
        "union": [
          "NotFound",
          "Schema1",
          "Schema2",
          "GetExampleResponseMessage",
        ],
      },
      "GetExampleResponseMessage": {
        "docs": undefined,
        "properties": {
          "message": "optional<string>",
        },
      },
      "NotFound": {
        "docs": undefined,
        "properties": {
          "message": "optional<string>",
        },
      },
      "Schema1": {
        "docs": undefined,
        "properties": {
          "id": "optional<integer>",
          "name": "optional<string>",
        },
      },
      "Schema2": {
        "docs": undefined,
        "properties": {
          "age": "optional<integer>",
          "email": "optional<string>",
        },
      },
    },
  },
  "rootApiFile": {
    "display-name": "Sample API",
    "error-discrimination": {
      "strategy": "status-code",
    },
    "name": "api",
  },
}
`;

exports[`open api parser inline-schema-reference simple 1`] = `
{
  "definitionFiles": {},
  "packageMarkerFile": {
    "service": {
      "auth": false,
      "base-path": "",
      "endpoints": {
        "getExample": {
          "auth": false,
          "display-name": "Get Example",
          "docs": undefined,
          "examples": [
            {
              "response": {
                "body": {
                  "message": "message",
                },
              },
            },
          ],
          "method": "GET",
          "pagination": undefined,
          "path": "/example",
          "response": {
            "docs": "Successful response",
            "type": "GetExampleResponse",
          },
        },
      },
    },
    "types": {
      "GetExampleResponse": {
        "discriminated": false,
        "docs": undefined,
        "union": [
          "NotFound",
          "Schema1",
          "Schema2",
          "GetExampleResponseMessage",
        ],
      },
      "GetExampleResponseMessage": {
        "docs": undefined,
        "properties": {
          "message": "optional<string>",
        },
      },
      "NotFound": {
        "docs": undefined,
        "properties": {
          "message": "optional<string>",
        },
      },
      "Schema1": {
        "docs": undefined,
        "properties": {
          "id": "optional<integer>",
          "name": "optional<string>",
        },
      },
      "Schema2": {
        "docs": undefined,
        "properties": {
          "age": "optional<integer>",
          "email": "optional<string>",
        },
      },
    },
  },
  "rootApiFile": {
    "display-name": "Sample API",
    "error-discrimination": {
      "strategy": "status-code",
    },
    "name": "api",
  },
}
`;
