// Jest Snapshot v1, https://goo.gl/fbAQLP

exports[`webhooks webhooks docs 1`] = `
{
  "definitionFiles": {},
  "packageMarkerFile": {
    "types": {
      "Pet": {
        "docs": undefined,
        "properties": {
          "id": "long",
          "name": "string",
          "tag": "optional<string>",
        },
      },
    },
    "webhooks": {
      "CreatePet": {
        "display-name": undefined,
        "examples": [
          {
            "docs": undefined,
            "name": "Example 1",
            "payload": {
              "id": 123,
              "name": "Scratch",
              "tag": "Cat",
            },
          },
        ],
        "headers": {},
        "method": "POST",
        "payload": "Pet",
      },
    },
  },
  "rootApiFile": {
    "display-name": "Webhooks",
    "error-discrimination": {
      "strategy": "status-code",
    },
    "name": "api",
  },
}
`;

exports[`webhooks webhooks simple 1`] = `
{
  "definitionFiles": {},
  "packageMarkerFile": {
    "types": {
      "Pet": {
        "docs": undefined,
        "properties": {
          "id": "long",
          "name": "string",
          "tag": "optional<string>",
        },
      },
    },
    "webhooks": {
      "CreatePet": {
        "display-name": undefined,
        "examples": [
          {
            "docs": undefined,
            "name": "Example 1",
            "payload": {
              "id": 123,
              "name": "Scratch",
              "tag": "Cat",
            },
          },
        ],
        "headers": {},
        "method": "POST",
        "payload": "Pet",
      },
    },
  },
  "rootApiFile": {
    "display-name": "Webhooks",
    "error-discrimination": {
      "strategy": "status-code",
    },
    "name": "api",
  },
}
`;
