// Jest Snapshot v1, https://goo.gl/fbAQLP

exports[`x-fern-streaming-with-reference x-fern-streaming-with-reference docs 1`] = `
{
  "definitionFiles": {
    "chatCompletions.yml": {
      "imports": {
        "root": "__package__.yml",
      },
      "service": {
        "auth": false,
        "base-path": "",
        "endpoints": {
          "create": {
            "auth": false,
            "docs": undefined,
            "examples": [
              {
                "request": {
                  "prompt": "prompt",
                  "stream": false,
                },
                "response": {
                  "body": {
                    "text": "text",
                  },
                },
              },
            ],
            "method": "POST",
            "pagination": undefined,
            "path": "/completions/chat",
            "request": {
              "body": {
                "properties": {
                  "prompt": "string",
                  "stream": "literal<false>",
                },
              },
              "headers": undefined,
              "name": "ChatCompletionsCreateRequest",
              "query-parameters": undefined,
            },
            "response": {
              "docs": "",
              "type": "root.Completion",
            },
          },
          "create_stream": {
            "auth": false,
            "docs": undefined,
            "method": "POST",
            "pagination": undefined,
            "path": "/completions/chat",
            "request": {
              "body": {
                "properties": {
                  "prompt": "string",
                  "stream": "literal<true>",
                },
              },
              "headers": undefined,
              "name": "ChatCompletionsCreateStreamRequest",
              "query-parameters": undefined,
            },
            "response-stream": {
              "docs": "",
              "format": "json",
              "type": "root.CompletionChunk",
            },
          },
        },
      },
    },
  },
  "packageMarkerFile": {
    "types": {
      "Completion": {
        "docs": undefined,
        "properties": {
          "text": "optional<string>",
        },
      },
      "CompletionChunk": {
        "docs": undefined,
        "properties": {
          "text": "optional<string>",
        },
      },
    },
  },
  "rootApiFile": {
    "display-name": "Test extension \`x-fern-audiences\` alongside \`x-fern-streaming\`.",
    "error-discrimination": {
      "strategy": "status-code",
    },
    "name": "api",
  },
}
`;

exports[`x-fern-streaming-with-reference x-fern-streaming-with-reference simple 1`] = `
{
  "definitionFiles": {
    "chatCompletions.yml": {
      "imports": {
        "root": "__package__.yml",
      },
      "service": {
        "auth": false,
        "base-path": "",
        "endpoints": {
          "create": {
            "auth": false,
            "docs": undefined,
            "examples": [
              {
                "request": {
                  "prompt": "prompt",
                  "stream": false,
                },
                "response": {
                  "body": {
                    "text": "text",
                  },
                },
              },
            ],
            "method": "POST",
            "pagination": undefined,
            "path": "/completions/chat",
            "request": {
              "body": {
                "properties": {
                  "prompt": "string",
                  "stream": "literal<false>",
                },
              },
              "headers": undefined,
              "name": "ChatCompletionsCreateRequest",
              "query-parameters": undefined,
            },
            "response": {
              "docs": "",
              "type": "root.Completion",
            },
          },
          "create_stream": {
            "auth": false,
            "docs": undefined,
            "method": "POST",
            "pagination": undefined,
            "path": "/completions/chat",
            "request": {
              "body": {
                "properties": {
                  "prompt": "string",
                  "stream": "literal<true>",
                },
              },
              "headers": undefined,
              "name": "ChatCompletionsCreateStreamRequest",
              "query-parameters": undefined,
            },
            "response-stream": {
              "docs": "",
              "format": "json",
              "type": "root.CompletionChunk",
            },
          },
        },
      },
    },
  },
  "packageMarkerFile": {
    "types": {
      "Completion": {
        "docs": undefined,
        "properties": {
          "text": "optional<string>",
        },
      },
      "CompletionChunk": {
        "docs": undefined,
        "properties": {
          "text": "optional<string>",
        },
      },
    },
  },
  "rootApiFile": {
    "display-name": "Test extension \`x-fern-audiences\` alongside \`x-fern-streaming\`.",
    "error-discrimination": {
      "strategy": "status-code",
    },
    "name": "api",
  },
}
`;
